evaluating 464 configs on 4 cores...

TOP 30 by robust score (min worst-half over both floors):
  rob  p_st  w_st  p_tr  w_tr   mo   edge ci>0  config
  100   100   100   100   100  4.9  0.119    Y  vol0.5 tr5.0 pt2.0/0.5 be1 r0.75
  100   100   100   100   100  5.0  0.139    Y  vol0.4 tr5.0 be1 r0.5
  100   100   100   100   100  5.1  0.112    Y  vol0.5 tp3.0 lk2.0>1.0 be1 r0.75
  100   100   100   100   100  5.8  0.145    Y  vol0.5 tr5.0 be1 r0.5
  100   100   100   100   100  6.0  0.100    Y  vol0.5 tp2.0 be1 r0.75
  100   100   100   100   100  6.1  0.123    Y  vol0.4 tr3.0 be1 r0.5
  100   100   100   100   100  6.3  0.094    Y  vol0.5 tr3.0 pt1.5/0.5 be1 r0.75
  100   100   100   100   100  6.5  0.136    Y  vol0.5 tr3.0 be1 r0.5
  100   100   100   100   100  7.2  0.087    Y  vol0.5 tp3.0 pt1.5/0.5 be1 r0.75
  100   100   100   100   100  7.3  0.119    Y  vol0.4 tp4.0 be1 r0.5
  100   100   100   100   100  7.6  0.107    Y  vol0.4 tp3.0 lk2.0>1.0 be1 r0.5
  100   100   100   100   100  7.8  0.112    Y  vol0.4 tr5.0 pt2.0/0.5 be1 r0.5
  100   100   100   100   100  8.0  0.112    Y  vol0.5 tp4.0 be1 r0.5
  100   100   100   100   100  8.1  0.119    Y  vol0.5 tp3.0 be1 r0.5
  100   100   100   100   100  8.2  0.119    Y  vol0.5 tr5.0 pt2.0/0.5 be1 r0.5
  100   100   100   100   100  8.2  0.079    Y  vol0.5 tp2.5 pt1.25/0.5 be1 r0.75
  100   100   100   100   100  8.6  0.091    Y  vol0.4 tp2.0 be1 r0.5
  100   100   100   100   100  8.7  0.112    Y  vol0.5 tp3.0 lk2.0>1.0 be1 r0.5
  100   100   100   100   100  9.4  0.082    Y  vol0.4 tp3.0 pt1.5/0.5 be1 r0.5
  100   100   100   100   100  9.4  0.100    Y  vol0.5 tp2.0 be1 r0.5
  100   100   100   100   100  9.7  0.075    Y  vol0.4 tp2.5 pt1.25/0.5 be1 r0.5
  100   100   100   100   100 10.0  0.085    Y  vol0.4 tr3.0 pt1.5/0.5 be1 r0.5
  100   100   100   100   100 10.7  0.094    Y  vol0.5 tr3.0 pt1.5/0.5 be1 r0.5
  100   100   100   100   100 11.3  0.087    Y  vol0.5 tp3.0 pt1.5/0.5 be1 r0.5
  100   100   100   100   100 13.0  0.079    Y  vol0.5 tp2.5 pt1.25/0.5 be1 r0.5
   84    99    96    96    84  4.0  0.145    Y  vol0.5 tr5.0 be1 r0.75
   84    99    96    96    84  4.0  0.136    Y  vol0.5 tr3.0 be1 r0.75
   62    98    93    91    62  4.3  0.119    Y  vol0.5 tp3.0 be1 r0.75
   58    98    90    90    58  4.5  0.112    Y  vol0.5 tp4.0 be1 r0.75
   57    88    74    69    57  2.3  0.119    Y  vol0.5 tr5.0 pt2.0/0.5 be1 r1.25

[full results -> ftmo/passopt/sweep_results.json, 464 configs]
