(1) BLOCK-BOOTSTRAP 10k x 3 seeds, both floors + train/test edge CI

WINNER vol0.5 tr5 pt2/.5 be1 r0.75
   static pass 100.0-100.0%   trail pass 100.0-100.0%   n=599
   edge train +0.095[-0.006,+0.202]  test +0.180[+0.001,+0.361]

vol0.4 tr5 be1 r0.5
   static pass 100.0-100.0%   trail pass 97.7-97.8%   n=719
   edge train +0.087[-0.021,+0.193]  test +0.254[+0.065,+0.455]

vol0.5 tp3 lock2>1 be1 r0.75
   static pass 100.0-100.0%   trail pass 100.0-100.0%   n=599
   edge train +0.096[-0.007,+0.203]  test +0.151[-0.021,+0.327]

vol0.5 tp3 be1 r0.5 (plain ref)
   static pass 100.0-100.0%   trail pass 99.9-100.0%   n=599
   edge train +0.100[-0.007,+0.211]  test +0.166[-0.014,+0.350]

(2) PERTURBATION PLATEAU around the WINNER (block-bootstrap trailing floor = the harder one)
    volLo  partR  risk%  staticP  trailP  months(contig)
     0.45   1.75   0.65   100.0%   99.0%          6.3
     0.45   1.75   0.75    99.8%   86.4%          5.1
     0.45   1.75   0.85    98.5%   76.9%          4.2
     0.45   2.00   0.65   100.0%   99.5%          6.0
     0.45   2.00   0.75    99.7%   87.0%          4.9
     0.45   2.00   0.85    97.7%   78.8%          4.0
     0.45   2.25   0.65   100.0%   98.9%          5.3
     0.45   2.25   0.75    99.3%   85.6%          4.2
     0.45   2.25   0.85    96.5%   79.6%          3.8
     0.50   1.75   0.65   100.0%  100.0%          6.3
     0.50   1.75   0.75   100.0%  100.0%          5.4
     0.50   1.75   0.85    99.2%   87.6%          4.5
     0.50   2.00   0.65   100.0%  100.0%          6.0
     0.50   2.00   0.75   100.0%  100.0%          4.9
     0.50   2.00   0.85    99.2%   89.3%          4.2
     0.50   2.25   0.65   100.0%  100.0%          5.6
     0.50   2.25   0.75   100.0%  100.0%          4.7
     0.50   2.25   0.85    99.5%   91.9%          4.0
     0.55   1.75   0.65   100.0%  100.0%          8.2
     0.55   1.75   0.75   100.0%  100.0%          6.9
     0.55   1.75   0.85    99.3%   96.7%          5.8
     0.55   2.00   0.65   100.0%  100.0%          7.4
     0.55   2.00   0.75   100.0%  100.0%          6.2
     0.55   2.00   0.85    99.3%   96.7%          5.1
     0.55   2.25   0.65   100.0%  100.0%          7.1
     0.55   2.25   0.75   100.0%  100.0%          5.8
     0.55   2.25   0.85    99.3%   97.0%          4.9
